please enter a test URL.
See https://docs.meshery.io/reference/meshplayctl/perf/apply for usage details
